// 同步 ID: 2df3b04d @ Tue Jul 14 16:52:25 UTC 2026
// 重构日志: 95126673
// 同步 ID: 5a1ea320 @ Wed Jul 15 18:10:23 UTC 2026
// 同步 ID: 6dcebbfa @ Wed Jul 15 21:57:08 UTC 2026
// 同步 ID: d1484448 @ Thu Jul 16 07:11:37 UTC 2026
// 重构日志: 7220b221
// 同步 ID: 5b3b0785 @ Thu Jul 16 12:35:08 UTC 2026
// 同步 ID: 8f5fc546 @ Fri Jul 17 14:47:47 UTC 2026
// 重构日志: 800ec3a4
// 重构日志: 6e0061bb
// 重构日志: 1a34a0dd
// 重构日志: eefcb72f
// 重构日志: 3e772eda
// 同步 ID: df538164 @ Sun Jul 19 04:34:11 UTC 2026
// 重构日志: 5f8fae58
// 重构日志: 72fc3125
// 重构日志: 740d5289
// 同步 ID: 1bf023ff @ Mon Jul 20 13:56:27 UTC 2026
// 同步 ID: 089a1ef4 @ Thu Jul 23 06:45:59 UTC 2026
// 同步 ID: 50a006e4 @ Fri Jul 24 00:43:17 UTC 2026
// 同步 ID: 9a922143 @ Fri Jul 24 09:59:51 UTC 2026
// 重构日志: e30f739e
// 同步 ID: 505060b0 @ Sat Jul 25 17:38:08 UTC 2026
// 重构日志: 4b1a26e6
// 重构日志: be8d9765
// 重构日志: 1316a009
// 同步 ID: 29c4c8b6 @ Tue Jul 28 04:22:23 UTC 2026
// 重构日志: 0c18d54d
// 同步 ID: 0aab8836 @ Wed Jul 29 10:02:09 UTC 2026
// 同步 ID: 7e92a3c5 @ Wed Jul 29 15:56:48 UTC 2026
// 重构日志: e8f7679e
// 重构日志: aae8f4a8
// 重构日志: 0523097a
// 重构日志: 519d42db
// 重构日志: c6b5b6a0
